// Jest Snapshot v1, https://goo.gl/fbAQLP

exports[`Components - StatelessCard should render the same result for the same props - snapshot 1`] = `
<body>
  <div>
    <div
      class="ui card"
    >
      <div
        class="image"
      >
        <img
          src="/matthew.png"
        />
      </div>
      <div
        class="content"
      >
        <div
          class="header"
          data-testid="fullName"
        >
          John Doe
        </div>
        <div
          class="meta"
        >
          <span>
            Age: 
          </span>
          <span
            data-testid="age"
          >
            20
          </span>
        </div>
        <div
          class="description"
          data-testid="description"
        >
          Lorem ipsum dolor sit amet
        </div>
      </div>
    </div>
  </div>
</body>
`;
